// Jest Snapshot v1, https://goo.gl/fbAQLP

exports[`<Welcome /> should render Welcome page with start button 1`] = `
<div
  class="makeStyles-root-1"
>
  <div
    class="MuiGrid-root MuiGrid-container MuiGrid-direction-xs-column MuiGrid-align-items-xs-center MuiGrid-justify-content-xs-center"
    data-testid="brand-title"
  >
    <div
      class="MuiGrid-root MuiGrid-item MuiGrid-grid-xs-12"
    >
      <h2
        class="MuiTypography-root MuiTypography-h2 MuiTypography-colorPrimary MuiTypography-gutterBottom MuiTypography-alignCenter"
      >
        Welcome to
         
        <span
          class="MuiTypography-root MuiTypography-h1"
        >
          iClinic
        </span>
      </h2>
    </div>
    <div
      class="MuiGrid-root MuiGrid-item MuiGrid-grid-xs-12"
    >
      <p
        class="MuiTypography-root MuiTypography-subtitle2 MuiTypography-colorPrimary MuiTypography-alignCenter"
      >
        frontend challenge
      </p>
    </div>
  </div>
  <div
    class="MuiBox-root MuiBox-root-4 makeStyles-buttonBox-2"
  >
    <button
      class="MuiButtonBase-root MuiButton-root MuiButton-contained makeStyles-startButton-3 MuiButton-containedPrimary MuiButton-fullWidth"
      tabindex="0"
      type="button"
    >
      <span
        class="MuiButton-label"
      >
        S T A R T
      </span>
      <span
        class="MuiTouchRipple-root"
      />
    </button>
  </div>
</div>
`;
