// Jest Snapshot v1, https://goo.gl/fbAQLP

exports[`<GoBackLinkProps /> should render back link 1`] = `
<div
  class="MuiBox-root MuiBox-root-3 makeStyles-root-1 makeStyles-root-2"
>
  <a
    class="MuiTypography-root MuiLink-root MuiLink-underlineHover MuiTypography-colorPrimary"
  >
    <svg
      aria-hidden="true"
      class="MuiSvgIcon-root MuiSvgIcon-colorSecondary MuiSvgIcon-fontSizeInherit"
      focusable="false"
      viewBox="0 0 24 24"
    >
      <path
        d="M20 11H7.83l5.59-5.59L12 4l-8 8 8 8 1.41-1.41L7.83 13H20v-2z"
      />
    </svg>
    <div
      class="MuiTypography-root MuiTypography-body1"
    >
      back
    </div>
  </a>
</div>
`;
